// Jest Snapshot v1, https://goo.gl/fbAQLP

exports[`Random Number should render the page 1`] = `ShallowWrapper {}`;
